fullName,phone,email,qualificationStatus,source,notes,createdAt
John Doe,0501234567,john.doe@example.com,NEW,Website,Test note,2025-01-01T00:00:00.000Z
